// Jest Snapshot v1, https://goo.gl/fbAQLP

exports[`views/About renders and match snapshot 1`] = `
<div class="about">
  <h1>This is an about page with : Some text</h1>
</div>
`;
